---
source: crates/sp-ui/tests/golden.rs
expression: "render_state(&state, 80, 24)"
---
  > github.com                                                                    
  ┌start-page────────────────────────────────────────────────────────────────────┐
> │github.com                                                                    │
  │                                                                              │
  │                                                                              │
  │                                                                              │
  │                                                                              │
  │                                                                              │
  │                                                                              │
  │                                                                              │
  │                                                                              │
  │                                                                              │
  │                                                                              │
  │                                                                              │
  │                                                                              │
  │                                                                              │
  │                                                                              │
  │                                                                              │
  │                                                                              │
  │                                                                              │
  │                                                                              │
  │                                                                              │
  └──────────────────────────────────────────────────────────────────────────────┘
  1/3 links
