---
source: crates/sp-ui/tests/golden.rs
expression: "render_state(&state, 80, 24)"
---
                                                                                  
                                                                                  
                                                                                  
                                                                                  
                                                                                  
                                                                                  
                                                                                  
                                                                                  
                                                                                  
            Links                                                                 
>             github.com                                                         
              docs.rs                                                            
              news.ycombinator.com                                               
                                                                                  
                                                                                  
                                                                                  
                                                                                  
                                                                                  
                                                                                  
                                                                                  
                                                                                  
                                                                                  
                                                                                  
  excalith@firefox ❯ command...
