---
source: crates/sp-ui/tests/golden.rs
expression: "render_state(&state, 80, 24)"
---
  > zzz_no_match_zzz                                                              
  ┌start-page────────────────────────────────────────────────────────────────────┐
  │                                                                              │
  │                                                                              │
  │                                                                              │
  │                                                                              │
  │                                                                              │
  │                                                                              │
  │                                                                              │
  │                                                                              │
  │                                                                              │
  │                                                                              │
  │                                                                              │
  │                                                                              │
  │                                                                              │
  │                                                                              │
  │                                                                              │
  │                                                                              │
  │                                                                              │
  │                                                                              │
  │                                                                              │
  │                                                                              │
  └──────────────────────────────────────────────────────────────────────────────┘
  0/3 links
