---
source: crates/sp-ui/tests/golden.rs
expression: "render_state(&state, 200, 60)"
---
  >                                                                                                                                                                                                       
  ┌start-page────────────────────────────────────────────────────────────────────────────────────────────────────────────────────────────────────────────────────────────────────────────────────────────┐
> │github.com                                                                                                                                                                                            │
  │docs.rs                                                                                                                                                                                               │
  │news.ycombinator.com                                                                                                                                                                                  │
  │                                                                                                                                                                                                      │
  │                                                                                                                                                                                                      │
  │                                                                                                                                                                                                      │
  │                                                                                                                                                                                                      │
  │                                                                                                                                                                                                      │
  │                                                                                                                                                                                                      │
  │                                                                                                                                                                                                      │
  │                                                                                                                                                                                                      │
  │                                                                                                                                                                                                      │
  │                                                                                                                                                                                                      │
  │                                                                                                                                                                                                      │
  │                                                                                                                                                                                                      │
  │                                                                                                                                                                                                      │
  │                                                                                                                                                                                                      │
  │                                                                                                                                                                                                      │
  │                                                                                                                                                                                                      │
  │                                                                                                                                                                                                      │
  │                                                                                                                                                                                                      │
  │                                                                                                                                                                                                      │
  │                                                                                                                                                                                                      │
  │                                                                                                                                                                                                      │
  │                                                                                                                                                                                                      │
  │                                                                                                                                                                                                      │
  │                                                                                                                                                                                                      │
  │                                                                                                                                                                                                      │
  │                                                                                                                                                                                                      │
  │                                                                                                                                                                                                      │
  │                                                                                                                                                                                                      │
  │                                                                                                                                                                                                      │
  │                                                                                                                                                                                                      │
  │                                                                                                                                                                                                      │
  │                                                                                                                                                                                                      │
  │                                                                                                                                                                                                      │
  │                                                                                                                                                                                                      │
  │                                                                                                                                                                                                      │
  │                                                                                                                                                                                                      │
  │                                                                                                                                                                                                      │
  │                                                                                                                                                                                                      │
  │                                                                                                                                                                                                      │
  │                                                                                                                                                                                                      │
  │                                                                                                                                                                                                      │
  │                                                                                                                                                                                                      │
  │                                                                                                                                                                                                      │
  │                                                                                                                                                                                                      │
  │                                                                                                                                                                                                      │
  │                                                                                                                                                                                                      │
  │                                                                                                                                                                                                      │
  │                                                                                                                                                                                                      │
  │                                                                                                                                                                                                      │
  │                                                                                                                                                                                                      │
  │                                                                                                                                                                                                      │
  │                                                                                                                                                                                                      │
  │                                                                                                                                                                                                      │
  └──────────────────────────────────────────────────────────────────────────────────────────────────────────────────────────────────────────────────────────────────────────────────────────────────────┘
  3/3 links
